******************************************************************************
              TMS320C55x Linker PC v4.4.1                      
******************************************************************************
>> Linked Wed Apr 04 15:38:40 2018

OUTPUT FILE NAME:   <EQ.out>
ENTRY POINT SYMBOL: "_c_int00"  address: 000286cb


MEMORY CONFIGURATION

         name            origin    length      used     unused   attr    fill
                        (bytes)   (bytes)    (bytes)   (bytes)
----------------------  --------  ---------  --------  --------  ----  --------
PAGE 0:
  MMR                   00000000   000000c0  00000000  000000c0  RWIX
  DARAM0                000000c0   0000ff40  00006a54  000094ec  RWIX
  SARAM0                00010000   00010000  00000000  00010000  RWIX
  SARAM1                00020000   00020000  000087fe  00017802  RWIX
  SARAM2                00040000   0000fe00  00000398  0000fa68  RWIX
  VECS                  0004fe00   00000200  00000200  00000000  RWIX
  PDROM                 00ff8000   00008000  00000000  00008000  R IX

PAGE 2:
  IOPORT                00000000   00020000  00000000  00020000  RWI 


SECTION ALLOCATION MAP
(Addresses surrounded by []'s are displayed for convenience only!)

output                                                          attributes/
section   page  orgn(bytes) orgn(words) len(bytes) len(words)   input sections
--------  ----  ----------- ----------- ---------- ----------   --------------
.pinit       0   [ 00040000 ]  00020000          *   00000000   UNINITIALIZED

.stack       0   [ 000000c0 ]  00000060          *   00001000   UNINITIALIZED
                 [ 000000c0 ]  00000060          *   00001000   --HOLE--

.data        0   [ 000000c0 ]  00000060          *   00000000   UNINITIALIZED

.sysstack 
*            0   [ 000020c0 ]  00001060          *   00000800   UNINITIALIZED
                 [ 000020c0 ]  00001060          *   00000800   --HOLE--

.sysmem      0   [ 000030c0 ]  00001860          *   00001000   UNINITIALIZED
                 [ 000030c0 ]  00001860          *   00001000   --HOLE--

.bss.1       0   [ 000050c0 ]  00002860          *   000009b1   UNINITIALIZED
                 [ 000050c0 ]  00002860          *   00000408   ezdsp5535_aic3204_dma.obj (.bss)
                 [ 000058d0 ]  00002c68          *   000002a0   main.obj (.bss)
                 [ 00005e10 ]  00002f08          *   00000119   rts55x.lib : defs.obj (.bss)
                 [ 00006042 ]  00003021          *   000000d0              : trgdrv.obj (.bss)
                 [ 000061e2 ]  000030f1          *   00000001              : fopen.obj (.bss)
                 [ 000061e4 ]  000030f2          *   00000084   cslVC5505.lib : csl_intc.obj (.bss)
                 [ 000062ec ]  00003176          *   00000071   rts55x.lib : lowlev.obj (.bss)
                 [ 000063ce ]  000031e7          *   0000002a   cslVC5505.lib : csl_i2s.obj (.bss)

.bss.2       0   [ 00006424 ]  00003212          *   00000030   UNINITIALIZED
                 [ 00006424 ]  00003212          *   00000012   cslVC5505.lib : csl_i2c.obj (.bss)
                 [ 00006448 ]  00003224          *   00000008   ezdsp5535bsl.lib : ezdsp5535_sar.obj (.bss)
                 [ 00006458 ]  0000322c          *   00000006   rts55x.lib : memory.obj (.bss)
                 [ 00006464 ]  00003232          *   00000004   ezdsp5535bsl.lib : ezdsp5535_gpio.obj (.bss)
                 [ 0000646c ]  00003236          *   00000004   rts55x.lib : _lock.obj (.bss)
                 [ 00006474 ]  0000323a          *   00000004              : exit.obj (.bss)
                 [ 0000647c ]  0000323e          *   00000002   aic3204.obj (.bss)
                 [ 00006480 ]  00003240          *   00000002   ezdsp5535bsl.lib : ezdsp5535_i2s.obj (.bss)

.const.1     0   [ 00006484 ]  00003242          *   00000319   
                 [ 00006484 ]  00003242          *   00000174   aic3204_init.obj (.const:.string)
                 [ 0000676c ]  000033b6          *   00000101   rts55x.lib : ctype.obj (.const:__ctypes_)
                 [ 0000696e ]  000034b7          *   00000060   print_number.obj (.const:_consolas_8ptBitmaps)
                 [ 00006a2e ]  00003517          *   00000001   print_number.obj (.const)
                 [ 00006a30 ]  00003518          *   00000024   rts55x.lib : _printfi.obj (.const:.string)
                 [ 00006a78 ]  0000353c          *   0000001f   main.obj (.const:.string)

.const.2     0   [ 00006ab8 ]  0000355c          *   00000030   
                 [ 00006ab8 ]  0000355c          *   0000000c   main.obj (.const)
                 [ 00006ad0 ]  00003568          *   0000000c   rts55x.lib : _printfi.obj (.const)
                 [ 00006ae8 ]  00003574          *   00000008              : divd.obj (.const:_initial_approx$1)
                 [ 00006af8 ]  0000357c          *   00000008   processing.obj (.const)
                 [ 00006b08 ]  00003584          *   00000004   main.obj (.const:_$P$T0$1)
                 [ 00006b10 ]  00003588          *   00000002   rts55x.lib : fputs.obj (.const:.string)
                 [ 00006b14 ]  0000358a          *   00000002              : fltlid.obj (.const)

.text        0     00020000  [ 00010000 ] 000087fe          *   
                   00020000  [ 00010000 ] 000015a4          *   rts55x.lib : _printfi.obj (.text)
                   000215a4  [ 00010ad2 ] 00000c3c          *   cslVC5505.lib : csl_i2c.obj (.text)
                   000221e0  [ 000110f0 ] 00000b18          *                 : csl_sar.obj (.text)
                   00022cf8  [ 0001167c ] 000009f3          *                 : csl_i2s.obj (.text)
                   000236eb  [ 00011b75+] 0000068d          *                 : csl_gpio.obj (.text)
                   00023d78  [ 00011ebc ] 000005b5          *   aic3204_init.obj (.text)
                   0002432d  [ 00012196+] 00000554          *   cslVC5505.lib : csl_intc.obj (.text)
                   00024881  [ 00012440+] 00000543          *   rts55x.lib : lowlev.obj (.text)
                   00024dc4  [ 000126e2 ] 00000528          *              : trgdrv.obj (.text)
                   000252ec  [ 00012976 ] 000004b5          *              : memory.obj (.text)
                   000257a1  [ 00012bd0+] 000003cc          *              : divd.obj (.text)
                   00025b6d  [ 00012db6+] 00000339          *   main.obj (.text)
                   00025ea6  [ 00012f53 ] 0000031b          *   ezdsp5535_aic3204_dma.obj (.text)
                   000261c1  [ 000130e0+] 000002d2          *   print_number.obj (.text)
                   00026493  [ 00013249+] 0000027f          *   rts55x.lib : fopen.obj (.text)
                   00026712  [ 00013389 ] 0000025e          *              : llmpy.obj (.text)
                   00026970  [ 000134b8 ] 0000025a          *              : addd.obj (.text)
                   00026bca  [ 000135e5 ] 0000022d          *   processing.obj (.text)
                   00026df7  [ 000136fb+] 000001ea          *   rts55x.lib : cmpd.obj (.text)
                   00026fe1  [ 000137f0+] 00000192          *   ezdsp5535bsl.lib : ezdsp5535_lcd.obj (.text)
                   00027173  [ 000138b9+] 0000017a          *                    : ezdsp5535_sar.obj (.text)
                   000272ed  [ 00013976+] 00000163          *   rts55x.lib : fputs.obj (.text)
                   00027450  [ 00013a28 ] 0000014c          *              : mpyd.obj (.text)
                   0002759c  [ 00013ace ] 00000120          *   iir.obj (.text)
                   000276bc  [ 00013b5e ] 00000107          *   ezdsp5535bsl.lib : ezdsp5535_i2s.obj (.text)
                   000277c3  [ 00013be1+] 000000e6          *   rts55x.lib : setvbuf.obj (.text)
                   000278a9  [ 00013c54+] 000000dd          *              : _io_perm.obj (.text)
                   00027986  [ 00013cc3 ] 000000cc          *   ezdsp5535_aic3204_dma.obj (.text:retain)
                   00027a52  [ 00013d29 ] 000000c3          *   aic3204.obj (.text)
                   00027b15  [ 00013d8a+] 000000c2          *   rts55x.lib : fflush.obj (.text)
                   00027bd7  [ 00013deb+] 000000ba          *              : trgmsg.obj (.text:CIO_breakpoint)
                   00027c91  [ 00013e48+] 000000a6          *              : fputc.obj (.text)
                   00027d37  [ 00013e9b+] 000000a1          *              : divul.obj (.text)
                   00027dd8  [ 00013eec ] 0000008e          *   ezdsp5535bsl.lib : ezdsp5535_i2c.obj (.text)
                   00027e66  [ 00013f33 ] 0000008c          *   cslVC5505.lib : csl_irqplug.obj (.text)
                   00027ef2  [ 00013f79 ] 00000087          *   ezdsp5535bsl.lib : ezdsp5535_gpio.obj (.text)
                   00027f79  [ 00013fbc+] 0000007d          *   rts55x.lib : ltoa.obj (.text)
                   00027ff6  [ 00013ffb ] 0000007b          *              : fclose.obj (.text)
                   00028071  [ 00014038+] 00000076          *              : frcmpyd.obj (.text)
                   000280e7  [ 00014073+] 00000073          *              : frcmpyd_div.obj (.text)
                   0002815a  [ 000140ad ] 00000072          *              : remul.obj (.text)
                   000281cc  [ 000140e6 ] 0000006f          *              : fixdli.obj (.text)
                   0002823b  [ 0001411d+] 0000006d          *   cslVC5505.lib : vectors.obj (.text)
                   000282a8  [ 00014154 ] 0000006d          *   rts55x.lib : trgmsg.obj (.text)
                   00028315  [ 0001418a+] 0000006b          *              : fseek.obj (.text)
                   00028380  [ 000141c0 ] 00000067          *              : fltlid.obj (.text)
                   000283e7  [ 000141f3+] 0000005c          *              : atoi.obj (.text)
                   00028443  [ 00014221+] 00000054          *   ezdsp5535bsl.lib : ezdsp5535.obj (.text)
                   00028497  [ 0001424b+] 00000050          *   rts55x.lib : printf.obj (.text)
                   000284e7  [ 00014273+] 0000004d          *              : autoinit.obj (.text)
                   00028534  [ 0001429a ] 0000004b          *              : args_main.obj (.text)
                   0002857f  [ 000142bf+] 0000004b          *              : remli.obj (.text)
                   000285ca  [ 000142e5 ] 00000048          *              : divli.obj (.text)
                   00028612  [ 00014309 ] 0000003f          *              : memcpy.obj (.text)
                   00028651  [ 00014328+] 0000003e          *              : exit.obj (.text)
                   0002868f  [ 00014347+] 0000003c          *              : idiv.obj (.text)
                   000286cb  [ 00014365+] 00000034          *              : boot.obj (.text)
                   000286ff  [ 0001437f+] 0000002a          *              : fixdi.obj (.text)
                   00028729  [ 00014394+] 0000002a          *              : udiv.obj (.text)
                   00028753  [ 000143a9+] 00000023          *              : memccpy.obj (.text)
                   00028776  [ 000143bb ] 0000001a          *              : isinf.obj (.text)
                   00028790  [ 000143c8 ] 00000014          *              : subd.obj (.text)
                   000287a4  [ 000143d2 ] 00000013          *              : lmpy.obj (.text)
                   000287b7  [ 000143db+] 00000012          *              : _lock.obj (.text)
                   000287c9  [ 000143e4+] 00000011          *              : memset.obj (.text)
                   000287da  [ 000143ed ] 00000010          *              : negd.obj (.text)
                   000287ea  [ 000143f5 ] 0000000a          *              : remove.obj (.text)
                   000287f4  [ 000143fa ] 00000007          *              : exit.obj (.text:CIO_breakpoint)
                   000287fb  [ 000143fd+] 00000002          *              : vectors.obj (.text)
                   000287fd  [ 000143fe ] 00000001          *   --HOLE-- [fill = 20]

.cio         0   [ 00040000 ]  00020000          *   00000120   UNINITIALIZED
                 [ 00040000 ]  00020000          *   00000120   rts55x.lib : trgmsg.obj (.cio)

.cinit       0   [ 00040240 ]  00020120          *   00000098   
                 [ 00040240 ]  00020120          *   0000002d   rts55x.lib : lowlev.obj (.cinit)
                 [ 0004029a ]  0002014d          *   0000002a              : defs.obj (.cinit)
                 [ 000402ee ]  00020177          *   00000010   main.obj (.cinit)
                 [ 0004030e ]  00020187          *   0000000c   ezdsp5535bsl.lib : ezdsp5535_sar.obj (.cinit)
                 [ 00040326 ]  00020193          *   0000000a   rts55x.lib : _lock.obj (.cinit)
                 [ 0004033a ]  0002019d          *   0000000a              : exit.obj (.cinit)
                 [ 0004034e ]  000201a7          *   00000008   cslVC5505.lib : csl_i2s.obj (.cinit)
                 [ 0004035e ]  000201af          *   00000004   rts55x.lib : fopen.obj (.cinit)
                 [ 00040366 ]  000201b3          *   00000004              : memory.obj (.cinit)
                 [ 0004036e ]  000201b7          *   00000001   --HOLE-- [fill = 0]

.switch      0   [ 00040370 ]  000201b8          *   00000014   
                 [ 00040370 ]  000201b8          *   00000014   print_number.obj (.switch:_printChar)

vectors      0     0004fe00  [ 00027f00 ] 00000200          *   
                   0004fe00  [ 00027f00 ] 00000100          *   cslVC5505.lib : vectors.obj (vectors)
                   0004ff00  [ 00027f80 ] 00000100          *   rts55x.lib : vectors.obj (vectors)


GLOBAL SYMBOLS: SORTED ALPHABETICALLY BY Name 

abs. value/
byte addr   word addr   name
---------   ---------   ----
00000002                $TI_capability$C5500$CallingConvention
00000002                $TI_capability$C5500$MemoryModel
00000001                $TI_capability_requires_rev3
ffffffff                .bss
ffffffff                .data
ffffffff                .text
000287f5                C$$EXIT
00027c8c                C$$IO$$
0002868f                I$$DIV
000287a4                I$$LMPY
000286ae                I$$MOD
00028729                I$$UDIV
0002873e                I$$UMOD
0004fe00                RST
00027a52                _AIC3204_rget
00027a9d                _AIC3204_rset
            00002868    _DMA_InputL
            00002968    _DMA_InputR
            00002a68    _DMA_OutputL
            00002b68    _DMA_OutputR
00027f5b                _EZDSP5535_GPIO_getInput
00027ef2                _EZDSP5535_GPIO_init
00027f1d                _EZDSP5535_GPIO_setDirection
00027f41                _EZDSP5535_GPIO_setOutput
00027dd8                _EZDSP5535_I2C_init
00027e3e                _EZDSP5535_I2C_read
00027e0d                _EZDSP5535_I2C_reset
00027e18                _EZDSP5535_I2C_write
000277b1                _EZDSP5535_I2S_close
000276bc                _EZDSP5535_I2S_init
00027715                _EZDSP5535_I2S_readLeft
00027774                _EZDSP5535_I2S_readRight
00027747                _EZDSP5535_I2S_writeLeft
00027795                _EZDSP5535_I2S_writeRight
00027054                _EZDSP5535_OSD9616_init
00027009                _EZDSP5535_OSD9616_multiSend
00027136                _EZDSP5535_OSD9616_printLetter
00026fe1                _EZDSP5535_OSD9616_send
00027239                _EZDSP5535_SAR_getKey
00027173                _EZDSP5535_SAR_init
00028489                _EZDSP5535_init
00028443                _EZDSP5535_wait
00028477                _EZDSP5535_waitusec
00023bd6                _GPIO_clearInt
0002372f                _GPIO_close
00023753                _GPIO_config
00023986                _GPIO_configBit
00023ace                _GPIO_disableInt
00023b4c                _GPIO_enableInt
000237d8                _GPIO_getConfig
000236eb                _GPIO_open
00023860                _GPIO_read
00023ce9                _GPIO_reset
00023c62                _GPIO_statusBit
000238e3                _GPIO_write
            00003232    _GpioObj
0002528e                _HOSTclock
00025223                _HOSTclose
0002516e                _HOSTlseek
000250cf                _HOSTopen
00025042                _HOSTread
00024f94                _HOSTrename
00024f36                _HOSTtime
00024ecc                _HOSTunlink
00024e3f                _HOSTwrite
0002164d                _I2C_config
00022018                _I2C_eventDisable
00021ee4                _I2C_eventEnable
000217b2                _I2C_getConfig
000221c4                _I2C_getEventId
000215a4                _I2C_init
00021cc6                _I2C_read
00022137                _I2C_setCallback
00021888                _I2C_setup
00021a82                _I2C_write
0002312d                _I2S_close
00022cf8                _I2S_open
000231df                _I2S_read
000235ef                _I2S_reset
00022e3f                _I2S_setup
000236a0                _I2S_transEnable
00023499                _I2S_write
000243c7                _IRQ_clear
00024431                _IRQ_clearAll
00024441                _IRQ_config
00024567                _IRQ_disable
000245e5                _IRQ_disableAll
000245f3                _IRQ_enable
000246ed                _IRQ_getArg
000244d4                _IRQ_getConfig
0002483b                _IRQ_globalDisable
00024854                _IRQ_globalEnable
0002486d                _IRQ_globalRestore
0002432d                _IRQ_init
00024766                _IRQ_map
00027e66                _IRQ_plug
0002467d                _IRQ_restore
00024733                _IRQ_setArg
00024798                _IRQ_setVecs
000247c9                _IRQ_test
0004ff00                _Reset
00022763                _SAR_A2DMeasParamSet
00022bdd                _SAR_GPODirSet
000222da                _SAR_chanClose
0002235e                _SAR_chanConfig
0002265a                _SAR_chanCycSet
0002225d                _SAR_chanInit
00022278                _SAR_chanOpen
00022446                _SAR_chanSetup
0002223d                _SAR_deInit
000223d4                _SAR_getConfig
00022cb9                _SAR_getStatus
000221e0                _SAR_init
00022722                _SAR_readData
000226a9                _SAR_startConversion
000226db                _SAR_stopConversion
            00003228    _SarHandle
            00003224    _SarObj
0004fe00                _VECSTART
            00020000    __CIOBUF_
000242d4                __I2S_init
            00001060    __STACK_END
00002000                __STACK_SIZE
00002000                __SYSMEM_SIZE
00001000                __SYSSTACK_SIZE
00000001                __TI_args_main
ffffffff                ___binit__
ffffffff                ___bss__
ffffffff                ___c_args__
            00020120    ___cinit__
ffffffff                ___data__
ffffffff                ___edata__
ffffffff                ___end__
ffffffff                ___etext__
00028776                ___isinf
ffffffff                ___pinit__
ffffffff                ___text__
00026970                __addd
00028534                __args_main
000265b4                __cleanup
            0000323a    __cleanup_ptr
00026f89                __cmpd
            000033b6    __ctypes_
000257a1                __divd
0002868f                __divi
000285ca                __divli
0002693b                __divlli
00028729                __divu
00027d37                __divul
00026847                __divull
00027b15                __doflush
            0000323c    __dtors_ptr
00026f55                __eqld
000286ff                __fixdi
000281cc                __fixdli
00028380                __fltlid
00028071                __frcmpyd
000280e7                __frcmpyd_div
            00003020    __ft_end
            00002f08    __ftable
00026f0b                __geqd
00026ec0                __gtrd
00026e73                __leqd
            00003236    __lock
00026e2b                __lssd
00027450                __mpyd
000287a4                __mpyli
0002678f                __mpylli
000287da                __negd
00026df7                __neqd
000287c7                __nop
00021362                __printfi
00027929                __rd_ok
000287bf                __register_lock
000287b7                __register_unlock
000286ae                __remi
0002857f                __remli
00026760                __remlli
0002873e                __remu
0002815a                __remul
00026712                __remull
            00000060    __stack
00028790                __subd
            00001860    __sys_memory
            00001060    __sysstack
            00002f80    __tmpnams
            00003238    __unlock
000278a9                __wrt_ok
000287f4                _abort
00024cd4                _add_device
00027aea                _aic3204_codec_read
00027b01                _aic3204_codec_write
00027ad9                _aic3204_disable
00025ea6                _aic3204_dma_init
00027ac7                _aic3204_hardware_init
00023d78                _aic3204_init
00026031                _aic3204_read_block
000260e6                _aic3204_write_block
000283e7                _atoi
000284e7                _auto_init
            00002d6c    _cHP
            00002d68    _cLP
            00002d70    _cPeek1
            00002d76    _cPeek2
000286cb                _c_int00
00026c0d                _calculatePeekCoeff
00026bca                _calculateShelvingCoeff
0002577b                _calloc
00025773                _chkheap
0002625f                _clearLCD
00024c61                _close
            000034b7    _consolas_8ptBitmaps
            0000323e    _counter1
            0000323f    _counter2
00028651                _exit
00027ff6                _fclose
00027b7e                _fflush
00024c58                _find_registered_device
0002759c                _first_order_IIR
000266d7                _fopen
00027c91                _fputc
000272ed                _fputs
000252ec                _free
0002571d                _free_memory
0002660e                _freopen
            0000320f    _fsError
00028315                _fseek
            00003212    _gI2cObj
00024dc4                _getenv
            00003234    _hGpio
            00003240    _hI2s
            00003222    _i2cHandle
000261c1                _initPrintNumber
            0000322a    _keyCnt1
            0000322b    _keyCnt2
00024bf2                _lseek
00027f79                _ltoa
00025b6d                _main
0002541d                _malloc
000256c3                _max_free
00028753                _memccpy
00028612                _memcpy
000287c9                _memset
000253b8                _minit
00024b33                _open
            00003210    _ouError
            00002d88    _output1
            00002e08    _output2
            00002e88    _output3
            00003227    _preKey
0002632d                _printChar
00028497                _printf
00027c91                _putc
00027d28                _putchar
00027422                _puts
00024a85                _read
000282a8                _readmsg
00025512                _realloc
000287ea                _remove
00024a4f                _remove_device
000249f6                _rename
            00002c68    _sampleBufferL
            00002ce8    _sampleBufferR
00027603                _second_order_IIR
0002630b                _setWritePointerToFirstChar
00023f69                _set_sampling_frequency_and_gain
000277c3                _setvbuf
00026cb3                _shelvingHP
00026d1f                _shelvingLP
00026d8b                _shelvingPeek
            00003517    _sign_width
000249c3                _unlink
00024881                _write
00027bd7                _writemsg
            00002d7e    _x_hHP
            00002d7c    _x_hLP
            00002d80    _x_hPeek1
            00002d84    _x_hPeek2
            00002d7f    _y_hHP
            00002d7d    _y_hLP
            00002d82    _y_hPeek1
            00002d86    _y_hPeek2
ffffffff                binit
            00020120    cinit
ffffffff                edata
ffffffff                end
ffffffff                etext
ffffffff                pinit


GLOBAL SYMBOLS: SORTED BY Symbol Address 

abs. value/
byte addr   word addr   name
---------   ---------   ----
00000001                $TI_capability_requires_rev3
00000001                __TI_args_main
00000002                $TI_capability$C5500$CallingConvention
00000002                $TI_capability$C5500$MemoryModel
            00000060    __stack
00001000                __SYSSTACK_SIZE
00002000                __STACK_SIZE
00002000                __SYSMEM_SIZE
            00001060    __STACK_END
            00001060    __sysstack
            00001860    __sys_memory
            00002868    _DMA_InputL
            00002968    _DMA_InputR
            00002a68    _DMA_OutputL
            00002b68    _DMA_OutputR
            00002c68    _sampleBufferL
            00002ce8    _sampleBufferR
            00002d68    _cLP
            00002d6c    _cHP
            00002d70    _cPeek1
            00002d76    _cPeek2
            00002d7c    _x_hLP
            00002d7d    _y_hLP
            00002d7e    _x_hHP
            00002d7f    _y_hHP
            00002d80    _x_hPeek1
            00002d82    _y_hPeek1
            00002d84    _x_hPeek2
            00002d86    _y_hPeek2
            00002d88    _output1
            00002e08    _output2
            00002e88    _output3
            00002f08    __ftable
            00002f80    __tmpnams
            00003020    __ft_end
            0000320f    _fsError
            00003210    _ouError
            00003212    _gI2cObj
            00003222    _i2cHandle
            00003224    _SarObj
            00003227    _preKey
            00003228    _SarHandle
            0000322a    _keyCnt1
            0000322b    _keyCnt2
            00003232    _GpioObj
            00003234    _hGpio
            00003236    __lock
            00003238    __unlock
            0000323a    __cleanup_ptr
            0000323c    __dtors_ptr
            0000323e    _counter1
            0000323f    _counter2
            00003240    _hI2s
            000033b6    __ctypes_
            000034b7    _consolas_8ptBitmaps
            00003517    _sign_width
00021362                __printfi
000215a4                _I2C_init
0002164d                _I2C_config
000217b2                _I2C_getConfig
00021888                _I2C_setup
00021a82                _I2C_write
00021cc6                _I2C_read
00021ee4                _I2C_eventEnable
00022018                _I2C_eventDisable
00022137                _I2C_setCallback
000221c4                _I2C_getEventId
000221e0                _SAR_init
0002223d                _SAR_deInit
0002225d                _SAR_chanInit
00022278                _SAR_chanOpen
000222da                _SAR_chanClose
0002235e                _SAR_chanConfig
000223d4                _SAR_getConfig
00022446                _SAR_chanSetup
0002265a                _SAR_chanCycSet
000226a9                _SAR_startConversion
000226db                _SAR_stopConversion
00022722                _SAR_readData
00022763                _SAR_A2DMeasParamSet
00022bdd                _SAR_GPODirSet
00022cb9                _SAR_getStatus
00022cf8                _I2S_open
00022e3f                _I2S_setup
0002312d                _I2S_close
000231df                _I2S_read
00023499                _I2S_write
000235ef                _I2S_reset
000236a0                _I2S_transEnable
000236eb                _GPIO_open
0002372f                _GPIO_close
00023753                _GPIO_config
000237d8                _GPIO_getConfig
00023860                _GPIO_read
000238e3                _GPIO_write
00023986                _GPIO_configBit
00023ace                _GPIO_disableInt
00023b4c                _GPIO_enableInt
00023bd6                _GPIO_clearInt
00023c62                _GPIO_statusBit
00023ce9                _GPIO_reset
00023d78                _aic3204_init
00023f69                _set_sampling_frequency_and_gain
000242d4                __I2S_init
0002432d                _IRQ_init
000243c7                _IRQ_clear
00024431                _IRQ_clearAll
00024441                _IRQ_config
000244d4                _IRQ_getConfig
00024567                _IRQ_disable
000245e5                _IRQ_disableAll
000245f3                _IRQ_enable
0002467d                _IRQ_restore
000246ed                _IRQ_getArg
00024733                _IRQ_setArg
00024766                _IRQ_map
00024798                _IRQ_setVecs
000247c9                _IRQ_test
0002483b                _IRQ_globalDisable
00024854                _IRQ_globalEnable
0002486d                _IRQ_globalRestore
00024881                _write
000249c3                _unlink
000249f6                _rename
00024a4f                _remove_device
00024a85                _read
00024b33                _open
00024bf2                _lseek
00024c58                _find_registered_device
00024c61                _close
00024cd4                _add_device
00024dc4                _getenv
00024e3f                _HOSTwrite
00024ecc                _HOSTunlink
00024f36                _HOSTtime
00024f94                _HOSTrename
00025042                _HOSTread
000250cf                _HOSTopen
0002516e                _HOSTlseek
00025223                _HOSTclose
0002528e                _HOSTclock
000252ec                _free
000253b8                _minit
0002541d                _malloc
00025512                _realloc
000256c3                _max_free
0002571d                _free_memory
00025773                _chkheap
0002577b                _calloc
000257a1                __divd
00025b6d                _main
00025ea6                _aic3204_dma_init
00026031                _aic3204_read_block
000260e6                _aic3204_write_block
000261c1                _initPrintNumber
0002625f                _clearLCD
0002630b                _setWritePointerToFirstChar
0002632d                _printChar
000265b4                __cleanup
0002660e                _freopen
000266d7                _fopen
00026712                __remull
00026760                __remlli
0002678f                __mpylli
00026847                __divull
0002693b                __divlli
00026970                __addd
00026bca                _calculateShelvingCoeff
00026c0d                _calculatePeekCoeff
00026cb3                _shelvingHP
00026d1f                _shelvingLP
00026d8b                _shelvingPeek
00026df7                __neqd
00026e2b                __lssd
00026e73                __leqd
00026ec0                __gtrd
00026f0b                __geqd
00026f55                __eqld
00026f89                __cmpd
00026fe1                _EZDSP5535_OSD9616_send
00027009                _EZDSP5535_OSD9616_multiSend
00027054                _EZDSP5535_OSD9616_init
00027136                _EZDSP5535_OSD9616_printLetter
00027173                _EZDSP5535_SAR_init
00027239                _EZDSP5535_SAR_getKey
000272ed                _fputs
00027422                _puts
00027450                __mpyd
0002759c                _first_order_IIR
00027603                _second_order_IIR
000276bc                _EZDSP5535_I2S_init
00027715                _EZDSP5535_I2S_readLeft
00027747                _EZDSP5535_I2S_writeLeft
00027774                _EZDSP5535_I2S_readRight
00027795                _EZDSP5535_I2S_writeRight
000277b1                _EZDSP5535_I2S_close
000277c3                _setvbuf
000278a9                __wrt_ok
00027929                __rd_ok
00027a52                _AIC3204_rget
00027a9d                _AIC3204_rset
00027ac7                _aic3204_hardware_init
00027ad9                _aic3204_disable
00027aea                _aic3204_codec_read
00027b01                _aic3204_codec_write
00027b15                __doflush
00027b7e                _fflush
00027bd7                _writemsg
00027c8c                C$$IO$$
00027c91                _fputc
00027c91                _putc
00027d28                _putchar
00027d37                __divul
00027dd8                _EZDSP5535_I2C_init
00027e0d                _EZDSP5535_I2C_reset
00027e18                _EZDSP5535_I2C_write
00027e3e                _EZDSP5535_I2C_read
00027e66                _IRQ_plug
00027ef2                _EZDSP5535_GPIO_init
00027f1d                _EZDSP5535_GPIO_setDirection
00027f41                _EZDSP5535_GPIO_setOutput
00027f5b                _EZDSP5535_GPIO_getInput
00027f79                _ltoa
00027ff6                _fclose
00028071                __frcmpyd
000280e7                __frcmpyd_div
0002815a                __remul
000281cc                __fixdli
000282a8                _readmsg
00028315                _fseek
00028380                __fltlid
000283e7                _atoi
00028443                _EZDSP5535_wait
00028477                _EZDSP5535_waitusec
00028489                _EZDSP5535_init
00028497                _printf
000284e7                _auto_init
00028534                __args_main
0002857f                __remli
000285ca                __divli
00028612                _memcpy
00028651                _exit
0002868f                I$$DIV
0002868f                __divi
000286ae                I$$MOD
000286ae                __remi
000286cb                _c_int00
000286ff                __fixdi
00028729                I$$UDIV
00028729                __divu
0002873e                I$$UMOD
0002873e                __remu
00028753                _memccpy
00028776                ___isinf
00028790                __subd
000287a4                I$$LMPY
000287a4                __mpyli
000287b7                __register_unlock
000287bf                __register_lock
000287c7                __nop
000287c9                _memset
000287da                __negd
000287ea                _remove
000287f4                _abort
000287f5                C$$EXIT
            00020000    __CIOBUF_
            00020120    ___cinit__
            00020120    cinit
0004fe00                RST
0004fe00                _VECSTART
0004ff00                _Reset
ffffffff                .bss
ffffffff                .data
ffffffff                .text
ffffffff                ___binit__
ffffffff                ___bss__
ffffffff                ___c_args__
ffffffff                ___data__
ffffffff                ___edata__
ffffffff                ___end__
ffffffff                ___etext__
ffffffff                ___pinit__
ffffffff                ___text__
ffffffff                binit
ffffffff                edata
ffffffff                end
ffffffff                etext
ffffffff                pinit

[288 symbols]
